Component: ARM Compiler 5.05 update 2 (build 169) Tool: armlink [4d0f33]

==============================================================================

Section Cross References

    app.o(.text) refers to juma_sdk_lib.o(i.gpio_setup) for gpio_setup
    app.o(.text) refers to juma_sdk_lib.o(i.gpio_write) for gpio_write
    app.o(.text) refers to juma_sdk_lib.o(i.light_setup) for light_setup
    app.o(.text) refers to ssd1306.o(.text) for ssd1306_config
    app.o(.text) refers to juma_sdk_lib.o(i.gfx_init_screen) for gfx_init_screen
    app.o(.text) refers to juma_sdk_lib.o(i.gfx_clear) for gfx_clear
    app.o(.text) refers to juma_sdk_lib.o(i.gpio_watch) for gpio_watch
    app.o(.text) refers to juma_sdk_lib.o(i.current_time) for current_time
    app.o(.text) refers to juma_sdk_lib.o(i.run_at_time) for run_at_time
    app.o(.text) refers to model_contral.o(.text) for model_contral_init
    app.o(.text) refers to juma_sdk_lib.o(i.ble_device_set_name) for ble_device_set_name
    app.o(.text) refers to juma_sdk_lib.o(i.ble_device_start_advertising) for ble_device_start_advertising
    app.o(.text) refers to ssd1306.o(.bss) for screen
    app.o(.text) refers to app.o(.data) for .data
    app.o(.text) refers to start.o(.text) for system_start
    stop.o(.text) refers to juma_sdk_lib.o(i.gfx_clear) for gfx_clear
    stop.o(.text) refers to ssd1306.o(.text) for OLED_Refresh_all
    stop.o(.text) refers to juma_sdk_lib.o(i.gfx_set_font) for gfx_set_font
    stop.o(.text) refers to juma_sdk_lib.o(i.gfx_draw_string) for gfx_draw_string
    stop.o(.text) refers to juma_sdk_lib.o(i.gpio_setup) for gpio_setup
    stop.o(.text) refers to juma_sdk_lib.o(i.gpio_write) for gpio_write
    stop.o(.text) refers to helvetica_16.o(.constdata) for Helvetica_16
    start.o(.text) refers to juma_sdk_lib.o(i.gpio_read) for gpio_read
    start.o(.text) refers to juma_sdk_lib.o(i.gpio_setup) for gpio_setup
    start.o(.text) refers to juma_sdk_lib.o(i.gpio_write) for gpio_write
    start.o(.text) refers to app.o(.text) for on_sys_open
    start.o(.text) refers to juma_sdk_lib.o(i.gfx_fill_rect) for gfx_fill_rect
    start.o(.text) refers to ssd1306.o(.text) for OLED_Refresh_all
    start.o(.text) refers to juma_sdk_lib.o(i.run_when_idle) for run_when_idle
    start.o(.text) refers to juma_sdk_lib.o(i.current_time) for current_time
    start.o(.text) refers to juma_sdk_lib.o(i.run_at_time) for run_at_time
    start.o(.text) refers to juma_sdk_lib.o(i.gfx_clear) for gfx_clear
    start.o(.text) refers to juma_sdk_lib.o(i.gfx_draw_rect) for gfx_draw_rect
    start.o(.text) refers to start.o(.data) for .data
    normal.o(.text) refers to juma_sdk_lib.o(i.gfx_clear) for gfx_clear
    normal.o(.text) refers to printf6.o(i.__0sprintf$6) for __2sprintf
    normal.o(.text) refers to juma_sdk_lib.o(i.gfx_set_font) for gfx_set_font
    normal.o(.text) refers to juma_sdk_lib.o(i.gfx_draw_string) for gfx_draw_string
    normal.o(.text) refers to ssd1306.o(.text) for OLED_Refresh_all
    normal.o(.text) refers to juma_sdk_lib.o(i.light_set_color) for light_set_color
    normal.o(.text) refers to juma_sdk_lib.o(i.light_on) for light_on
    normal.o(.text) refers to juma_sdk_lib.o(i.timer_init) for timer_init
    normal.o(.text) refers to juma_sdk_lib.o(i.timer_start) for timer_start
    normal.o(.text) refers to model_contral.o(.data) for screen_is_on
    normal.o(.text) refers to normal.o(.data) for .data
    normal.o(.text) refers to helvetica_16.o(.constdata) for Helvetica_16
    normal.o(.text) refers to app.o(.data) for gpio_change_point
    timer.o(.text) refers to juma_sdk_lib.o(i.gfx_set_font) for gfx_set_font
    timer.o(.text) refers to juma_sdk_lib.o(i.gfx_draw_string) for gfx_draw_string
    timer.o(.text) refers to ssd1306.o(.text) for OLED_Refresh_all
    timer.o(.text) refers to juma_sdk_lib.o(i.gfx_clear) for gfx_clear
    timer.o(.text) refers to helvetica_16.o(.constdata) for Helvetica_16
    train1.o(.text) refers to juma_sdk_lib.o(i.gfx_set_font) for gfx_set_font
    train1.o(.text) refers to juma_sdk_lib.o(i.gfx_draw_string) for gfx_draw_string
    train1.o(.text) refers to ssd1306.o(.text) for OLED_Refresh_all
    train1.o(.text) refers to juma_sdk_lib.o(i.gfx_clear) for gfx_clear
    train1.o(.text) refers to helvetica_16.o(.constdata) for Helvetica_16
    train2.o(.text) refers to juma_sdk_lib.o(i.gfx_set_font) for gfx_set_font
    train2.o(.text) refers to juma_sdk_lib.o(i.gfx_draw_string) for gfx_draw_string
    train2.o(.text) refers to ssd1306.o(.text) for OLED_Refresh_all
    train2.o(.text) refers to juma_sdk_lib.o(i.gfx_clear) for gfx_clear
    train2.o(.text) refers to helvetica_16.o(.constdata) for Helvetica_16
    train3.o(.text) refers to juma_sdk_lib.o(i.gfx_set_font) for gfx_set_font
    train3.o(.text) refers to juma_sdk_lib.o(i.gfx_draw_string) for gfx_draw_string
    train3.o(.text) refers to ssd1306.o(.text) for OLED_Refresh_all
    train3.o(.text) refers to juma_sdk_lib.o(i.gfx_clear) for gfx_clear
    train3.o(.text) refers to helvetica_16.o(.constdata) for Helvetica_16
    train4.o(.text) refers to juma_sdk_lib.o(i.gfx_set_font) for gfx_set_font
    train4.o(.text) refers to juma_sdk_lib.o(i.gfx_draw_string) for gfx_draw_string
    train4.o(.text) refers to ssd1306.o(.text) for OLED_Refresh_all
    train4.o(.text) refers to juma_sdk_lib.o(i.gfx_clear) for gfx_clear
    train4.o(.text) refers to helvetica_16.o(.constdata) for Helvetica_16
    count.o(.text) refers to juma_sdk_lib.o(i.gfx_set_font) for gfx_set_font
    count.o(.text) refers to juma_sdk_lib.o(i.gfx_draw_string) for gfx_draw_string
    count.o(.text) refers to ssd1306.o(.text) for OLED_Refresh_all
    count.o(.text) refers to juma_sdk_lib.o(i.gfx_clear) for gfx_clear
    count.o(.text) refers to helvetica_16.o(.constdata) for Helvetica_16
    model_contral.o(.text) refers to model_contral.o(i.__ARM_common_switch8) for __ARM_common_switch8
    model_contral.o(.text) refers to normal.o(.text) for normal_model_exit
    model_contral.o(.text) refers to timer.o(.text) for timer_model_exit
    model_contral.o(.text) refers to train1.o(.text) for train1_model_exit
    model_contral.o(.text) refers to train2.o(.text) for train2_model_exit
    model_contral.o(.text) refers to train3.o(.text) for train3_model_exit
    model_contral.o(.text) refers to train4.o(.text) for train4_model_exit
    model_contral.o(.text) refers to count.o(.text) for count_model_exit
    model_contral.o(.text) refers to juma_sdk_lib.o(i.gpio_read) for gpio_read
    model_contral.o(.text) refers to stop.o(.text) for system_off
    model_contral.o(.text) refers to juma_sdk_lib.o(i.current_time) for current_time
    model_contral.o(.text) refers to juma_sdk_lib.o(i.run_at_time) for run_at_time
    model_contral.o(.text) refers to juma_sdk_lib.o(i.gpio_setup) for gpio_setup
    model_contral.o(.text) refers to model_contral.o(.data) for .data
    ssd1306.o(.text) refers to ssd1306.o(.data) for .data
    ssd1306.o(.text) refers to ssd1306.o(.bss) for .bss
    ssd1306.o(.text) refers to ssd1306.o(.constdata) for .constdata
    helvetica_16.o(.constdata) refers to helvetica_16.o(.constdata) for Helvetica_16_Table
    juma_sdk_lib.o(.text) refers to juma_sdk_lib.o(.data) for .data
    juma_sdk_lib.o(descriptor) refers to juma_sdk_lib.o(.text) for on_init
    juma_sdk_lib.o(descriptor) refers to app.o(.text) for on_ready
    printfb.o(i.__0fprintf$bare) refers to printfb.o(i._printf_core) for _printf_core
    printfb.o(i.__0fprintf$bare) refers to fputc.o(i.fputc) for fputc
    printfb.o(i.__0printf$bare) refers to printfb.o(i._printf_core) for _printf_core
    printfb.o(i.__0printf$bare) refers to fputc.o(i.fputc) for fputc
    printfb.o(i.__0printf$bare) refers to stdout.o(.data) for __stdout
    printfb.o(i.__0snprintf$bare) refers to printfb.o(i._printf_core) for _printf_core
    printfb.o(i.__0snprintf$bare) refers to printfb.o(i._snputc) for _snputc
    printfb.o(i.__0sprintf$bare) refers to printfb.o(i._printf_core) for _printf_core
    printfb.o(i.__0sprintf$bare) refers to printfb.o(i._sputc) for _sputc
    printfb.o(i.__0vfprintf$bare) refers to printfb.o(i._printf_core) for _printf_core
    printfb.o(i.__0vfprintf$bare) refers to fputc.o(i.fputc) for fputc
    printfb.o(i.__0vprintf$bare) refers to printfb.o(i._printf_core) for _printf_core
    printfb.o(i.__0vprintf$bare) refers to fputc.o(i.fputc) for fputc
    printfb.o(i.__0vprintf$bare) refers to stdout.o(.data) for __stdout
    printfb.o(i.__0vsnprintf$bare) refers to printfb.o(i._printf_core) for _printf_core
    printfb.o(i.__0vsnprintf$bare) refers to printfb.o(i._snputc) for _snputc
    printfb.o(i.__0vsprintf$bare) refers to printfb.o(i._printf_core) for _printf_core
    printfb.o(i.__0vsprintf$bare) refers to printfb.o(i._sputc) for _sputc
    printf0.o(i.__0fprintf$0) refers to printf0.o(i._printf_core) for _printf_core
    printf0.o(i.__0fprintf$0) refers to fputc.o(i.fputc) for fputc
    printf0.o(i.__0printf$0) refers to printf0.o(i._printf_core) for _printf_core
    printf0.o(i.__0printf$0) refers to fputc.o(i.fputc) for fputc
    printf0.o(i.__0printf$0) refers to stdout.o(.data) for __stdout
    printf0.o(i.__0snprintf$0) refers to printf0.o(i._printf_core) for _printf_core
    printf0.o(i.__0snprintf$0) refers to printf0.o(i._snputc) for _snputc
    printf0.o(i.__0sprintf$0) refers to printf0.o(i._printf_core) for _printf_core
    printf0.o(i.__0sprintf$0) refers to printf0.o(i._sputc) for _sputc
    printf0.o(i.__0vfprintf$0) refers to printf0.o(i._printf_core) for _printf_core
    printf0.o(i.__0vfprintf$0) refers to fputc.o(i.fputc) for fputc
    printf0.o(i.__0vprintf$0) refers to printf0.o(i._printf_core) for _printf_core
    printf0.o(i.__0vprintf$0) refers to fputc.o(i.fputc) for fputc
    printf0.o(i.__0vprintf$0) refers to stdout.o(.data) for __stdout
    printf0.o(i.__0vsnprintf$0) refers to printf0.o(i._printf_core) for _printf_core
    printf0.o(i.__0vsnprintf$0) refers to printf0.o(i._snputc) for _snputc
    printf0.o(i.__0vsprintf$0) refers to printf0.o(i._printf_core) for _printf_core
    printf0.o(i.__0vsprintf$0) refers to printf0.o(i._sputc) for _sputc
    printf1.o(i.__0fprintf$1) refers to printf1.o(i._printf_core) for _printf_core
    printf1.o(i.__0fprintf$1) refers to fputc.o(i.fputc) for fputc
    printf1.o(i.__0printf$1) refers to printf1.o(i._printf_core) for _printf_core
    printf1.o(i.__0printf$1) refers to fputc.o(i.fputc) for fputc
    printf1.o(i.__0printf$1) refers to stdout.o(.data) for __stdout
    printf1.o(i.__0snprintf$1) refers to printf1.o(i._printf_core) for _printf_core
    printf1.o(i.__0snprintf$1) refers to printf1.o(i._snputc) for _snputc
    printf1.o(i.__0sprintf$1) refers to printf1.o(i._printf_core) for _printf_core
    printf1.o(i.__0sprintf$1) refers to printf1.o(i._sputc) for _sputc
    printf1.o(i.__0vfprintf$1) refers to printf1.o(i._printf_core) for _printf_core
    printf1.o(i.__0vfprintf$1) refers to fputc.o(i.fputc) for fputc
    printf1.o(i.__0vprintf$1) refers to printf1.o(i._printf_core) for _printf_core
    printf1.o(i.__0vprintf$1) refers to fputc.o(i.fputc) for fputc
    printf1.o(i.__0vprintf$1) refers to stdout.o(.data) for __stdout
    printf1.o(i.__0vsnprintf$1) refers to printf1.o(i._printf_core) for _printf_core
    printf1.o(i.__0vsnprintf$1) refers to printf1.o(i._snputc) for _snputc
    printf1.o(i.__0vsprintf$1) refers to printf1.o(i._printf_core) for _printf_core
    printf1.o(i.__0vsprintf$1) refers to printf1.o(i._sputc) for _sputc
    printf1.o(i._printf_core) refers to uidiv.o(.text) for __aeabi_uidivmod
    printf2.o(i.__0fprintf$2) refers to printf2.o(i._printf_core) for _printf_core
    printf2.o(i.__0fprintf$2) refers to fputc.o(i.fputc) for fputc
    printf2.o(i.__0printf$2) refers to printf2.o(i._printf_core) for _printf_core
    printf2.o(i.__0printf$2) refers to fputc.o(i.fputc) for fputc
    printf2.o(i.__0printf$2) refers to stdout.o(.data) for __stdout
    printf2.o(i.__0snprintf$2) refers to printf2.o(i._printf_core) for _printf_core
    printf2.o(i.__0snprintf$2) refers to printf2.o(i._snputc) for _snputc
    printf2.o(i.__0sprintf$2) refers to printf2.o(i._printf_core) for _printf_core
    printf2.o(i.__0sprintf$2) refers to printf2.o(i._sputc) for _sputc
    printf2.o(i.__0vfprintf$2) refers to printf2.o(i._printf_core) for _printf_core
    printf2.o(i.__0vfprintf$2) refers to fputc.o(i.fputc) for fputc
    printf2.o(i.__0vprintf$2) refers to printf2.o(i._printf_core) for _printf_core
    printf2.o(i.__0vprintf$2) refers to fputc.o(i.fputc) for fputc
    printf2.o(i.__0vprintf$2) refers to stdout.o(.data) for __stdout
    printf2.o(i.__0vsnprintf$2) refers to printf2.o(i._printf_core) for _printf_core
    printf2.o(i.__0vsnprintf$2) refers to printf2.o(i._snputc) for _snputc
    printf2.o(i.__0vsprintf$2) refers to printf2.o(i._printf_core) for _printf_core
    printf2.o(i.__0vsprintf$2) refers to printf2.o(i._sputc) for _sputc
    printf3.o(i.__0fprintf$3) refers to printf3.o(i._printf_core) for _printf_core
    printf3.o(i.__0fprintf$3) refers to fputc.o(i.fputc) for fputc
    printf3.o(i.__0printf$3) refers to printf3.o(i._printf_core) for _printf_core
    printf3.o(i.__0printf$3) refers to fputc.o(i.fputc) for fputc
    printf3.o(i.__0printf$3) refers to stdout.o(.data) for __stdout
    printf3.o(i.__0snprintf$3) refers to printf3.o(i._printf_core) for _printf_core
    printf3.o(i.__0snprintf$3) refers to printf3.o(i._snputc) for _snputc
    printf3.o(i.__0sprintf$3) refers to printf3.o(i._printf_core) for _printf_core
    printf3.o(i.__0sprintf$3) refers to printf3.o(i._sputc) for _sputc
    printf3.o(i.__0vfprintf$3) refers to printf3.o(i._printf_core) for _printf_core
    printf3.o(i.__0vfprintf$3) refers to fputc.o(i.fputc) for fputc
    printf3.o(i.__0vprintf$3) refers to printf3.o(i._printf_core) for _printf_core
    printf3.o(i.__0vprintf$3) refers to fputc.o(i.fputc) for fputc
    printf3.o(i.__0vprintf$3) refers to stdout.o(.data) for __stdout
    printf3.o(i.__0vsnprintf$3) refers to printf3.o(i._printf_core) for _printf_core
    printf3.o(i.__0vsnprintf$3) refers to printf3.o(i._snputc) for _snputc
    printf3.o(i.__0vsprintf$3) refers to printf3.o(i._printf_core) for _printf_core
    printf3.o(i.__0vsprintf$3) refers to printf3.o(i._sputc) for _sputc
    printf3.o(i._printf_core) refers to uidiv.o(.text) for __aeabi_uidivmod
    printf4.o(i.__0fprintf$4) refers to printf4.o(i._printf_core) for _printf_core
    printf4.o(i.__0fprintf$4) refers to fputc.o(i.fputc) for fputc
    printf4.o(i.__0printf$4) refers to printf4.o(i._printf_core) for _printf_core
    printf4.o(i.__0printf$4) refers to fputc.o(i.fputc) for fputc
    printf4.o(i.__0printf$4) refers to stdout.o(.data) for __stdout
    printf4.o(i.__0snprintf$4) refers to printf4.o(i._printf_core) for _printf_core
    printf4.o(i.__0snprintf$4) refers to printf4.o(i._snputc) for _snputc
    printf4.o(i.__0sprintf$4) refers to printf4.o(i._printf_core) for _printf_core
    printf4.o(i.__0sprintf$4) refers to printf4.o(i._sputc) for _sputc
    printf4.o(i.__0vfprintf$4) refers to printf4.o(i._printf_core) for _printf_core
    printf4.o(i.__0vfprintf$4) refers to fputc.o(i.fputc) for fputc
    printf4.o(i.__0vprintf$4) refers to printf4.o(i._printf_core) for _printf_core
    printf4.o(i.__0vprintf$4) refers to fputc.o(i.fputc) for fputc
    printf4.o(i.__0vprintf$4) refers to stdout.o(.data) for __stdout
    printf4.o(i.__0vsnprintf$4) refers to printf4.o(i._printf_core) for _printf_core
    printf4.o(i.__0vsnprintf$4) refers to printf4.o(i._snputc) for _snputc
    printf4.o(i.__0vsprintf$4) refers to printf4.o(i._printf_core) for _printf_core
    printf4.o(i.__0vsprintf$4) refers to printf4.o(i._sputc) for _sputc
    printf4.o(i._printf_core) refers to uldiv.o(.text) for __aeabi_uldivmod
    printf5.o(i.__0fprintf$5) refers to printf5.o(i._printf_core) for _printf_core
    printf5.o(i.__0fprintf$5) refers to fputc.o(i.fputc) for fputc
    printf5.o(i.__0printf$5) refers to printf5.o(i._printf_core) for _printf_core
    printf5.o(i.__0printf$5) refers to fputc.o(i.fputc) for fputc
    printf5.o(i.__0printf$5) refers to stdout.o(.data) for __stdout
    printf5.o(i.__0snprintf$5) refers to printf5.o(i._printf_core) for _printf_core
    printf5.o(i.__0snprintf$5) refers to printf5.o(i._snputc) for _snputc
    printf5.o(i.__0sprintf$5) refers to printf5.o(i._printf_core) for _printf_core
    printf5.o(i.__0sprintf$5) refers to printf5.o(i._sputc) for _sputc
    printf5.o(i.__0vfprintf$5) refers to printf5.o(i._printf_core) for _printf_core
    printf5.o(i.__0vfprintf$5) refers to fputc.o(i.fputc) for fputc
    printf5.o(i.__0vprintf$5) refers to printf5.o(i._printf_core) for _printf_core
    printf5.o(i.__0vprintf$5) refers to fputc.o(i.fputc) for fputc
    printf5.o(i.__0vprintf$5) refers to stdout.o(.data) for __stdout
    printf5.o(i.__0vsnprintf$5) refers to printf5.o(i._printf_core) for _printf_core
    printf5.o(i.__0vsnprintf$5) refers to printf5.o(i._snputc) for _snputc
    printf5.o(i.__0vsprintf$5) refers to printf5.o(i._printf_core) for _printf_core
    printf5.o(i.__0vsprintf$5) refers to printf5.o(i._sputc) for _sputc
    printf5.o(i._printf_core) refers to uldiv.o(.text) for __aeabi_uldivmod
    printf6.o(i.__0fprintf$6) refers to printf6.o(i._printf_core) for _printf_core
    printf6.o(i.__0fprintf$6) refers to fputc.o(i.fputc) for fputc
    printf6.o(i.__0printf$6) refers to printf6.o(i._printf_core) for _printf_core
    printf6.o(i.__0printf$6) refers to fputc.o(i.fputc) for fputc
    printf6.o(i.__0printf$6) refers to stdout.o(.data) for __stdout
    printf6.o(i.__0snprintf$6) refers to printf6.o(i._printf_core) for _printf_core
    printf6.o(i.__0snprintf$6) refers to printf6.o(i._snputc) for _snputc
    printf6.o(i.__0sprintf$6) refers to printf6.o(i._printf_core) for _printf_core
    printf6.o(i.__0sprintf$6) refers to printf6.o(i._sputc) for _sputc
    printf6.o(i.__0vfprintf$6) refers to printf6.o(i._printf_core) for _printf_core
    printf6.o(i.__0vfprintf$6) refers to fputc.o(i.fputc) for fputc
    printf6.o(i.__0vprintf$6) refers to printf6.o(i._printf_core) for _printf_core
    printf6.o(i.__0vprintf$6) refers to fputc.o(i.fputc) for fputc
    printf6.o(i.__0vprintf$6) refers to stdout.o(.data) for __stdout
    printf6.o(i.__0vsnprintf$6) refers to printf6.o(i._printf_core) for _printf_core
    printf6.o(i.__0vsnprintf$6) refers to printf6.o(i._snputc) for _snputc
    printf6.o(i.__0vsprintf$6) refers to printf6.o(i._printf_core) for _printf_core
    printf6.o(i.__0vsprintf$6) refers to printf6.o(i._sputc) for _sputc
    printf6.o(i._printf_core) refers to printf6.o(i._printf_pre_padding) for _printf_pre_padding
    printf6.o(i._printf_core) refers to printf6.o(i._printf_post_padding) for _printf_post_padding
    printf6.o(i._printf_core) refers to uidiv.o(.text) for __aeabi_uidivmod
    printf7.o(i.__0fprintf$7) refers to printf7.o(i._printf_core) for _printf_core
    printf7.o(i.__0fprintf$7) refers to fputc.o(i.fputc) for fputc
    printf7.o(i.__0printf$7) refers to printf7.o(i._printf_core) for _printf_core
    printf7.o(i.__0printf$7) refers to fputc.o(i.fputc) for fputc
    printf7.o(i.__0printf$7) refers to stdout.o(.data) for __stdout
    printf7.o(i.__0snprintf$7) refers to printf7.o(i._printf_core) for _printf_core
    printf7.o(i.__0snprintf$7) refers to printf7.o(i._snputc) for _snputc
    printf7.o(i.__0sprintf$7) refers to printf7.o(i._printf_core) for _printf_core
    printf7.o(i.__0sprintf$7) refers to printf7.o(i._sputc) for _sputc
    printf7.o(i.__0vfprintf$7) refers to printf7.o(i._printf_core) for _printf_core
    printf7.o(i.__0vfprintf$7) refers to fputc.o(i.fputc) for fputc
    printf7.o(i.__0vprintf$7) refers to printf7.o(i._printf_core) for _printf_core
    printf7.o(i.__0vprintf$7) refers to fputc.o(i.fputc) for fputc
    printf7.o(i.__0vprintf$7) refers to stdout.o(.data) for __stdout
    printf7.o(i.__0vsnprintf$7) refers to printf7.o(i._printf_core) for _printf_core
    printf7.o(i.__0vsnprintf$7) refers to printf7.o(i._snputc) for _snputc
    printf7.o(i.__0vsprintf$7) refers to printf7.o(i._printf_core) for _printf_core
    printf7.o(i.__0vsprintf$7) refers to printf7.o(i._sputc) for _sputc
    printf7.o(i._printf_core) refers to printf7.o(i._printf_pre_padding) for _printf_pre_padding
    printf7.o(i._printf_core) refers to printf7.o(i._printf_post_padding) for _printf_post_padding
    printf7.o(i._printf_core) refers to uldiv.o(.text) for __aeabi_uldivmod
    printf8.o(i.__0fprintf$8) refers to printf8.o(i._printf_core) for _printf_core
    printf8.o(i.__0fprintf$8) refers to fputc.o(i.fputc) for fputc
    printf8.o(i.__0printf$8) refers to printf8.o(i._printf_core) for _printf_core
    printf8.o(i.__0printf$8) refers to fputc.o(i.fputc) for fputc
    printf8.o(i.__0printf$8) refers to stdout.o(.data) for __stdout
    printf8.o(i.__0snprintf$8) refers to printf8.o(i._printf_core) for _printf_core
    printf8.o(i.__0snprintf$8) refers to printf8.o(i._snputc) for _snputc
    printf8.o(i.__0sprintf$8) refers to printf8.o(i._printf_core) for _printf_core
    printf8.o(i.__0sprintf$8) refers to printf8.o(i._sputc) for _sputc
    printf8.o(i.__0vfprintf$8) refers to printf8.o(i._printf_core) for _printf_core
    printf8.o(i.__0vfprintf$8) refers to fputc.o(i.fputc) for fputc
    printf8.o(i.__0vprintf$8) refers to printf8.o(i._printf_core) for _printf_core
    printf8.o(i.__0vprintf$8) refers to fputc.o(i.fputc) for fputc
    printf8.o(i.__0vprintf$8) refers to stdout.o(.data) for __stdout
    printf8.o(i.__0vsnprintf$8) refers to printf8.o(i._printf_core) for _printf_core
    printf8.o(i.__0vsnprintf$8) refers to printf8.o(i._snputc) for _snputc
    printf8.o(i.__0vsprintf$8) refers to printf8.o(i._printf_core) for _printf_core
    printf8.o(i.__0vsprintf$8) refers to printf8.o(i._sputc) for _sputc
    printf8.o(i._printf_core) refers to printf8.o(i._printf_pre_padding) for _printf_pre_padding
    printf8.o(i._printf_core) refers to printf8.o(i._printf_post_padding) for _printf_post_padding
    printf8.o(i._printf_core) refers to uldiv.o(.text) for __aeabi_uldivmod
    printfa.o(i.__0fprintf) refers (Special) to iusefp.o(.text) for __I$use$fp
    printfa.o(i.__0fprintf) refers to printfa.o(i._printf_core) for _printf_core
    printfa.o(i.__0fprintf) refers to fputc.o(i.fputc) for fputc
    printfa.o(i.__0printf) refers (Special) to iusefp.o(.text) for __I$use$fp
    printfa.o(i.__0printf) refers to printfa.o(i._printf_core) for _printf_core
    printfa.o(i.__0printf) refers to fputc.o(i.fputc) for fputc
    printfa.o(i.__0printf) refers to stdout.o(.data) for __stdout
    printfa.o(i.__0snprintf) refers (Special) to iusefp.o(.text) for __I$use$fp
    printfa.o(i.__0snprintf) refers to printfa.o(i._printf_core) for _printf_core
    printfa.o(i.__0snprintf) refers to printfa.o(i._snputc) for _snputc
    printfa.o(i.__0sprintf) refers (Special) to iusefp.o(.text) for __I$use$fp
    printfa.o(i.__0sprintf) refers to printfa.o(i._printf_core) for _printf_core
    printfa.o(i.__0sprintf) refers to printfa.o(i._sputc) for _sputc
    printfa.o(i.__0vfprintf) refers (Special) to iusefp.o(.text) for __I$use$fp
    printfa.o(i.__0vfprintf) refers to printfa.o(i._printf_core) for _printf_core
    printfa.o(i.__0vfprintf) refers to fputc.o(i.fputc) for fputc
    printfa.o(i.__0vprintf) refers (Special) to iusefp.o(.text) for __I$use$fp
    printfa.o(i.__0vprintf) refers to printfa.o(i._printf_core) for _printf_core
    printfa.o(i.__0vprintf) refers to fputc.o(i.fputc) for fputc
    printfa.o(i.__0vprintf) refers to stdout.o(.data) for __stdout
    printfa.o(i.__0vsnprintf) refers (Special) to iusefp.o(.text) for __I$use$fp
    printfa.o(i.__0vsnprintf) refers to printfa.o(i._printf_core) for _printf_core
    printfa.o(i.__0vsnprintf) refers to printfa.o(i._snputc) for _snputc
    printfa.o(i.__0vsprintf) refers (Special) to iusefp.o(.text) for __I$use$fp
    printfa.o(i.__0vsprintf) refers to printfa.o(i._printf_core) for _printf_core
    printfa.o(i.__0vsprintf) refers to printfa.o(i._sputc) for _sputc
    printfa.o(i._fp_digits) refers (Special) to iusefp.o(.text) for __I$use$fp
    printfa.o(i._fp_digits) refers to dmul.o(.text) for __aeabi_dmul
    printfa.o(i._fp_digits) refers to ddiv.o(.text) for __aeabi_ddiv
    printfa.o(i._fp_digits) refers to cdrcmple.o(.text) for __aeabi_cdrcmple
    printfa.o(i._fp_digits) refers to dadd.o(.text) for __aeabi_dadd
    printfa.o(i._fp_digits) refers to dfixul.o(.text) for __aeabi_d2ulz
    printfa.o(i._fp_digits) refers to uldiv.o(.text) for __aeabi_uldivmod
    printfa.o(i._printf_core) refers (Special) to iusefp.o(.text) for __I$use$fp
    printfa.o(i._printf_core) refers to printfa.o(i._printf_pre_padding) for _printf_pre_padding
    printfa.o(i._printf_core) refers to uldiv.o(.text) for __aeabi_uldivmod
    printfa.o(i._printf_core) refers to printfa.o(i._printf_post_padding) for _printf_post_padding
    printfa.o(i._printf_core) refers to printfa.o(i._fp_digits) for _fp_digits
    printfa.o(i._printf_core) refers to uidiv.o(.text) for __aeabi_uidivmod
    printfa.o(i._printf_post_padding) refers (Special) to iusefp.o(.text) for __I$use$fp
    printfa.o(i._printf_pre_padding) refers (Special) to iusefp.o(.text) for __I$use$fp
    printfa.o(i._snputc) refers (Special) to iusefp.o(.text) for __I$use$fp
    printfa.o(i._sputc) refers (Special) to iusefp.o(.text) for __I$use$fp
    fputc.o(i.fputc) refers (Special) to iusesemip.o(.text) for __I$use$semihosting$fputc
    fputc.o(i.fputc) refers (Special) to semi.o(.text) for __semihosting_library_function
    uldiv.o(.text) refers to llushr.o(.text) for __aeabi_llsr
    uldiv.o(.text) refers to llshl.o(.text) for __aeabi_llsl
    dadd.o(.text) refers to llshl.o(.text) for __aeabi_llsl
    dadd.o(.text) refers to llsshr.o(.text) for __aeabi_lasr
    dadd.o(.text) refers to depilogue.o(.text) for _double_epilogue
    dmul.o(.text) refers to depilogue.o(.text) for _double_epilogue
    ddiv.o(.text) refers to depilogue.o(.text) for _double_round
    dfixul.o(.text) refers to llushr.o(.text) for __aeabi_llsr
    dfixul.o(.text) refers to llshl.o(.text) for __aeabi_llsl
    depilogue.o(.text) refers to depilogue.o(i.__ARM_clz) for __ARM_clz
    depilogue.o(.text) refers to llshl.o(.text) for __aeabi_llsl
    depilogue.o(.text) refers to llushr.o(.text) for __aeabi_llsr
    juma_sdk_lib.o(i.run_when_idle) refers to juma_sdk_lib.o(.data) for .data
    juma_sdk_lib.o(i.run_at_time) refers to juma_sdk_lib.o(.data) for .data
    juma_sdk_lib.o(i.current_time) refers to juma_sdk_lib.o(.data) for .data
    juma_sdk_lib.o(i.timer_init) refers to juma_sdk_lib.o(.data) for .data
    juma_sdk_lib.o(i.timer_start) refers to juma_sdk_lib.o(.data) for .data
    juma_sdk_lib.o(i.timer_stop) refers to juma_sdk_lib.o(.data) for .data
    juma_sdk_lib.o(i.gpio_setup) refers to juma_sdk_lib.o(.data) for .data
    juma_sdk_lib.o(i.gpio_write) refers to juma_sdk_lib.o(.data) for .data
    juma_sdk_lib.o(i.gpio_read) refers to juma_sdk_lib.o(.data) for .data
    juma_sdk_lib.o(i.gpio_watch) refers to juma_sdk_lib.o(.data) for .data
    juma_sdk_lib.o(i.gpio_unwatch) refers to juma_sdk_lib.o(.data) for .data
    juma_sdk_lib.o(i.adc_measure) refers to juma_sdk_lib.o(.data) for .data
    juma_sdk_lib.o(i.vcc_measure) refers to juma_sdk_lib.o(.data) for .data
    juma_sdk_lib.o(i.get_temperature) refers to juma_sdk_lib.o(.data) for .data
    juma_sdk_lib.o(i.ble_device_is_connected) refers to juma_sdk_lib.o(.data) for .data
    juma_sdk_lib.o(i.ble_device_get_id) refers to juma_sdk_lib.o(.data) for .data
    juma_sdk_lib.o(i.ble_device_select_address) refers to juma_sdk_lib.o(.data) for .data
    juma_sdk_lib.o(i.ble_device_set_name) refers to juma_sdk_lib.o(.data) for .data
    juma_sdk_lib.o(i.ble_device_set_advertising_interval) refers to juma_sdk_lib.o(.data) for .data
    juma_sdk_lib.o(i.ble_device_set_tx_power) refers to juma_sdk_lib.o(.data) for .data
    juma_sdk_lib.o(i.ble_device_start_advertising) refers to juma_sdk_lib.o(.data) for .data
    juma_sdk_lib.o(i.ble_device_stop_advertising) refers to juma_sdk_lib.o(.data) for .data
    juma_sdk_lib.o(i.ble_device_disconnect) refers to juma_sdk_lib.o(.data) for .data
    juma_sdk_lib.o(i.ble_device_send) refers to juma_sdk_lib.o(.data) for .data
    juma_sdk_lib.o(i.serial_send) refers to juma_sdk_lib.o(.data) for .data
    juma_sdk_lib.o(i.serial_setup) refers to juma_sdk_lib.o(.data) for .data
    juma_sdk_lib.o(i.play_sound) refers to juma_sdk_lib.o(.data) for .data
    juma_sdk_lib.o(i.light_setup) refers to juma_sdk_lib.o(.data) for .data
    juma_sdk_lib.o(i.light_on) refers to juma_sdk_lib.o(.data) for .data
    juma_sdk_lib.o(i.light_off) refers to juma_sdk_lib.o(.data) for .data
    juma_sdk_lib.o(i.light_set_color) refers to juma_sdk_lib.o(.data) for .data
    juma_sdk_lib.o(i.data_storage_erase_page_by_addr) refers to juma_sdk_lib.o(.data) for .data
    juma_sdk_lib.o(i.data_storage_program) refers to juma_sdk_lib.o(.data) for .data
    juma_sdk_lib.o(i.data_storage_read) refers to juma_sdk_lib.o(.data) for .data
    juma_sdk_lib.o(i.gfx_init_screen) refers to juma_sdk_lib.o(.data) for .data
    juma_sdk_lib.o(i.gfx_clear) refers to juma_sdk_lib.o(.data) for .data
    juma_sdk_lib.o(i.gfx_draw_pixel) refers to juma_sdk_lib.o(.data) for .data
    juma_sdk_lib.o(i.gfx_draw_line) refers to juma_sdk_lib.o(.data) for .data
    juma_sdk_lib.o(i.gfx_draw_rect) refers to juma_sdk_lib.o(.data) for .data
    juma_sdk_lib.o(i.gfx_fill_rect) refers to juma_sdk_lib.o(.data) for .data
    juma_sdk_lib.o(i.gfx_draw_circle) refers to juma_sdk_lib.o(.data) for .data
    juma_sdk_lib.o(i.gfx_fill_circle) refers to juma_sdk_lib.o(.data) for .data
    juma_sdk_lib.o(i.gfx_set_font) refers to juma_sdk_lib.o(.data) for .data
    juma_sdk_lib.o(i.gfx_draw_char) refers to juma_sdk_lib.o(.data) for .data
    juma_sdk_lib.o(i.gfx_draw_string) refers to juma_sdk_lib.o(.data) for .data
    juma_sdk_lib.o(i.gfx_draw_image) refers to juma_sdk_lib.o(.data) for .data


==============================================================================

Image Symbol Table

    Local Symbols

    Symbol Name                              Value     Ov Type        Size  Object(Section)

    ../clib/microlib/division.c              0x00000000   Number         0  uidiv.o ABSOLUTE
    ../clib/microlib/division.c              0x00000000   Number         0  uldiv.o ABSOLUTE
    ../clib/microlib/longlong.c              0x00000000   Number         0  llshl.o ABSOLUTE
    ../clib/microlib/longlong.c              0x00000000   Number         0  llushr.o ABSOLUTE
    ../clib/microlib/longlong.c              0x00000000   Number         0  llsshr.o ABSOLUTE
    ../clib/microlib/printf/printf.c         0x00000000   Number         0  printfb.o ABSOLUTE
    ../clib/microlib/printf/printf.c         0x00000000   Number         0  printf0.o ABSOLUTE
    ../clib/microlib/printf/printf.c         0x00000000   Number         0  printf8.o ABSOLUTE
    ../clib/microlib/printf/printf.c         0x00000000   Number         0  printfa.o ABSOLUTE
    ../clib/microlib/printf/printf.c         0x00000000   Number         0  printf7.o ABSOLUTE
    ../clib/microlib/printf/printf.c         0x00000000   Number         0  printf4.o ABSOLUTE
    ../clib/microlib/printf/printf.c         0x00000000   Number         0  printf2.o ABSOLUTE
    ../clib/microlib/printf/printf.c         0x00000000   Number         0  printf5.o ABSOLUTE
    ../clib/microlib/printf/printf.c         0x00000000   Number         0  printf6.o ABSOLUTE
    ../clib/microlib/printf/printf.c         0x00000000   Number         0  printf3.o ABSOLUTE
    ../clib/microlib/printf/printf.c         0x00000000   Number         0  printf1.o ABSOLUTE
    ../clib/microlib/printf/stubs.s          0x00000000   Number         0  stubs.o ABSOLUTE
    ../clib/microlib/stdio/fputc.c           0x00000000   Number         0  fputc.o ABSOLUTE
    ../clib/microlib/stdio/semi.s            0x00000000   Number         0  semi.o ABSOLUTE
    ../clib/microlib/stdio/streams.c         0x00000000   Number         0  stdout.o ABSOLUTE
    ../clib/microlib/stubs.s                 0x00000000   Number         0  iusefp.o ABSOLUTE
    ../clib/microlib/stubs.s                 0x00000000   Number         0  iusesemip.o ABSOLUTE
    ../fplib/microlib/fpadd.c                0x00000000   Number         0  dadd.o ABSOLUTE
    ../fplib/microlib/fpdiv.c                0x00000000   Number         0  ddiv.o ABSOLUTE
    ../fplib/microlib/fpepilogue.c           0x00000000   Number         0  depilogue.o ABSOLUTE
    ../fplib/microlib/fpfix.c                0x00000000   Number         0  dfixul.o ABSOLUTE
    ../fplib/microlib/fpmul.c                0x00000000   Number         0  dmul.o ABSOLUTE
    ..\Source\juma_sdk_lib.c                 0x00000000   Number         0  juma_sdk_lib.o ABSOLUTE
    ..\\app.c                                0x00000000   Number         0  app.o ABSOLUTE
    ..\\count.c                              0x00000000   Number         0  count.o ABSOLUTE
    ..\\normal.c                             0x00000000   Number         0  normal.o ABSOLUTE
    ..\\screen\\ssd1306.c                    0x00000000   Number         0  ssd1306.o ABSOLUTE
    ..\\start.c                              0x00000000   Number         0  start.o ABSOLUTE
    ..\\stop.c                               0x00000000   Number         0  stop.o ABSOLUTE
    ..\\timer.c                              0x00000000   Number         0  timer.o ABSOLUTE
    ..\\train1.c                             0x00000000   Number         0  train1.o ABSOLUTE
    ..\\train2.c                             0x00000000   Number         0  train2.o ABSOLUTE
    ..\\train3.c                             0x00000000   Number         0  train3.o ABSOLUTE
    ..\\train4.c                             0x00000000   Number         0  train4.o ABSOLUTE
    ..\app.c                                 0x00000000   Number         0  app.o ABSOLUTE
    ..\count.c                               0x00000000   Number         0  count.o ABSOLUTE
    ..\light.c                               0x00000000   Number         0  light.o ABSOLUTE
    ..\model_contral.c                       0x00000000   Number         0  model_contral.o ABSOLUTE
    ..\normal.c                              0x00000000   Number         0  normal.o ABSOLUTE
    ..\res\Helvetica_16.c                    0x00000000   Number         0  helvetica_16.o ABSOLUTE
    ..\screen\ssd1306.c                      0x00000000   Number         0  ssd1306.o ABSOLUTE
    ..\start.c                               0x00000000   Number         0  start.o ABSOLUTE
    ..\stop.c                                0x00000000   Number         0  stop.o ABSOLUTE
    ..\timer.c                               0x00000000   Number         0  timer.o ABSOLUTE
    ..\train1.c                              0x00000000   Number         0  train1.o ABSOLUTE
    ..\train2.c                              0x00000000   Number         0  train2.o ABSOLUTE
    ..\train3.c                              0x00000000   Number         0  train3.o ABSOLUTE
    ..\train4.c                              0x00000000   Number         0  train4.o ABSOLUTE
    cdrcmple.s                               0x00000000   Number         0  cdrcmple.o ABSOLUTE
    dc.s                                     0x00000000   Number         0  dc.o ABSOLUTE
    descriptor                               0x00020100   Section       32  juma_sdk_lib.o(descriptor)
    .rev16_text                              0x00020120   Section        4  app.o(.rev16_text)
    .rev16_text                              0x00020124   Section        4  stop.o(.rev16_text)
    .rev16_text                              0x00020128   Section        4  start.o(.rev16_text)
    .rev16_text                              0x0002012c   Section        4  normal.o(.rev16_text)
    .rev16_text                              0x00020130   Section        4  timer.o(.rev16_text)
    .rev16_text                              0x00020134   Section        4  train1.o(.rev16_text)
    .rev16_text                              0x00020138   Section        4  train2.o(.rev16_text)
    .rev16_text                              0x0002013c   Section        4  train3.o(.rev16_text)
    .rev16_text                              0x00020140   Section        4  train4.o(.rev16_text)
    .rev16_text                              0x00020144   Section        4  count.o(.rev16_text)
    .rev16_text                              0x00020148   Section        4  ssd1306.o(.rev16_text)
    .revsh_text                              0x0002014c   Section        4  app.o(.revsh_text)
    .revsh_text                              0x00020150   Section        4  stop.o(.revsh_text)
    .revsh_text                              0x00020154   Section        4  start.o(.revsh_text)
    .revsh_text                              0x00020158   Section        4  normal.o(.revsh_text)
    .revsh_text                              0x0002015c   Section        4  timer.o(.revsh_text)
    .revsh_text                              0x00020160   Section        4  train1.o(.revsh_text)
    .revsh_text                              0x00020164   Section        4  train2.o(.revsh_text)
    .revsh_text                              0x00020168   Section        4  train3.o(.revsh_text)
    .revsh_text                              0x0002016c   Section        4  train4.o(.revsh_text)
    .revsh_text                              0x00020170   Section        4  count.o(.revsh_text)
    .revsh_text                              0x00020174   Section        4  ssd1306.o(.revsh_text)
    .text                                    0x00020178   Section        0  app.o(.text)
    .text                                    0x00020260   Section        0  stop.o(.text)
    .text                                    0x000202a4   Section        0  start.o(.text)
    .text                                    0x0002035c   Section        0  normal.o(.text)
    refresh_screen                           0x0002035d   Thumb Code    54  normal.o(.text)
    two_click                                0x00020393   Thumb Code    20  normal.o(.text)
    hall_change                              0x000203a7   Thumb Code    10  normal.o(.text)
    on_timer                                 0x000203b1   Thumb Code    34  normal.o(.text)
    .text                                    0x00020458   Section        0  timer.o(.text)
    .text                                    0x00020490   Section        0  train1.o(.text)
    .text                                    0x000204c8   Section        0  train2.o(.text)
    .text                                    0x00020500   Section        0  train3.o(.text)
    .text                                    0x00020538   Section        0  train4.o(.text)
    .text                                    0x00020570   Section        0  count.o(.text)
    .text                                    0x000205a8   Section        0  model_contral.o(.text)
    .text                                    0x00020750   Section        0  ssd1306.o(.text)
    OLED_SCLK_Set                            0x00020ae3   Thumb Code    24  ssd1306.o(.text)
    OLED_SDIN_Set                            0x00020afb   Thumb Code    24  ssd1306.o(.text)
    OLED_SDIN_Clr                            0x00020b13   Thumb Code    24  ssd1306.o(.text)
    OLED_SCLK_Clr                            0x00020b2b   Thumb Code    50  ssd1306.o(.text)
    .text                                    0x00020b5c   Section        0  juma_sdk_lib.o(.text)
    .text                                    0x00020b74   Section        0  uidiv.o(.text)
    .text                                    0x00020ba0   Section        0  dadd.o(.text)
    .text                                    0x00020d04   Section        0  dmul.o(.text)
    .text                                    0x00020dd4   Section        0  ddiv.o(.text)
    .text                                    0x00020ec4   Section        0  dfixul.o(.text)
    .text                                    0x00020f04   Section       40  cdrcmple.o(.text)
    .text                                    0x00020f2c   Section        0  llshl.o(.text)
    .text                                    0x00020f4c   Section        0  llushr.o(.text)
    .text                                    0x00020f6e   Section        0  llsshr.o(.text)
    .text                                    0x00020f94   Section        0  depilogue.o(.text)
    i.__0sprintf$6                           0x00021054   Section        0  printf6.o(i.__0sprintf$6)
    i.__ARM_clz                              0x0002107c   Section        0  depilogue.o(i.__ARM_clz)
    i.__ARM_common_switch8                   0x000210aa   Section        0  model_contral.o(i.__ARM_common_switch8)
    i._printf_core                           0x000210c4   Section        0  printf6.o(i._printf_core)
    _printf_core                             0x000210c5   Thumb Code   768  printf6.o(i._printf_core)
    i._printf_post_padding                   0x000213c8   Section        0  printf6.o(i._printf_post_padding)
    _printf_post_padding                     0x000213c9   Thumb Code    32  printf6.o(i._printf_post_padding)
    i._printf_pre_padding                    0x000213e8   Section        0  printf6.o(i._printf_pre_padding)
    _printf_pre_padding                      0x000213e9   Thumb Code    44  printf6.o(i._printf_pre_padding)
    i._sputc                                 0x00021414   Section        0  printf6.o(i._sputc)
    _sputc                                   0x00021415   Thumb Code    10  printf6.o(i._sputc)
    i.adc_measure                            0x00021420   Section        0  juma_sdk_lib.o(i.adc_measure)
    i.ble_device_disconnect                  0x0002142c   Section        0  juma_sdk_lib.o(i.ble_device_disconnect)
    i.ble_device_get_id                      0x00021438   Section        0  juma_sdk_lib.o(i.ble_device_get_id)
    i.ble_device_is_connected                0x00021444   Section        0  juma_sdk_lib.o(i.ble_device_is_connected)
    i.ble_device_select_address              0x00021450   Section        0  juma_sdk_lib.o(i.ble_device_select_address)
    i.ble_device_send                        0x0002145c   Section        0  juma_sdk_lib.o(i.ble_device_send)
    i.ble_device_set_advertising_interval    0x00021468   Section        0  juma_sdk_lib.o(i.ble_device_set_advertising_interval)
    i.ble_device_set_name                    0x00021474   Section        0  juma_sdk_lib.o(i.ble_device_set_name)
    i.ble_device_set_tx_power                0x00021480   Section        0  juma_sdk_lib.o(i.ble_device_set_tx_power)
    i.ble_device_start_advertising           0x0002148c   Section        0  juma_sdk_lib.o(i.ble_device_start_advertising)
    i.ble_device_stop_advertising            0x00021498   Section        0  juma_sdk_lib.o(i.ble_device_stop_advertising)
    i.current_time                           0x000214a4   Section        0  juma_sdk_lib.o(i.current_time)
    i.data_storage_erase_page_by_addr        0x000214b0   Section        0  juma_sdk_lib.o(i.data_storage_erase_page_by_addr)
    i.data_storage_program                   0x000214bc   Section        0  juma_sdk_lib.o(i.data_storage_program)
    i.data_storage_read                      0x000214cc   Section        0  juma_sdk_lib.o(i.data_storage_read)
    i.get_temperature                        0x000214dc   Section        0  juma_sdk_lib.o(i.get_temperature)
    i.gfx_clear                              0x000214e8   Section        0  juma_sdk_lib.o(i.gfx_clear)
    i.gfx_draw_char                          0x000214f8   Section        0  juma_sdk_lib.o(i.gfx_draw_char)
    i.gfx_draw_circle                        0x0002150c   Section        0  juma_sdk_lib.o(i.gfx_draw_circle)
    i.gfx_draw_image                         0x00021520   Section        0  juma_sdk_lib.o(i.gfx_draw_image)
    i.gfx_draw_line                          0x0002153c   Section        0  juma_sdk_lib.o(i.gfx_draw_line)
    i.gfx_draw_pixel                         0x00021554   Section        0  juma_sdk_lib.o(i.gfx_draw_pixel)
    i.gfx_draw_rect                          0x00021564   Section        0  juma_sdk_lib.o(i.gfx_draw_rect)
    i.gfx_draw_string                        0x0002157c   Section        0  juma_sdk_lib.o(i.gfx_draw_string)
    i.gfx_fill_circle                        0x00021590   Section        0  juma_sdk_lib.o(i.gfx_fill_circle)
    i.gfx_fill_rect                          0x000215a4   Section        0  juma_sdk_lib.o(i.gfx_fill_rect)
    i.gfx_init_screen                        0x000215bc   Section        0  juma_sdk_lib.o(i.gfx_init_screen)
    i.gfx_set_font                           0x000215d0   Section        0  juma_sdk_lib.o(i.gfx_set_font)
    i.gpio_read                              0x000215e0   Section        0  juma_sdk_lib.o(i.gpio_read)
    i.gpio_setup                             0x000215ec   Section        0  juma_sdk_lib.o(i.gpio_setup)
    i.gpio_unwatch                           0x000215f8   Section        0  juma_sdk_lib.o(i.gpio_unwatch)
    i.gpio_watch                             0x00021604   Section        0  juma_sdk_lib.o(i.gpio_watch)
    i.gpio_write                             0x00021610   Section        0  juma_sdk_lib.o(i.gpio_write)
    i.light_off                              0x0002161c   Section        0  juma_sdk_lib.o(i.light_off)
    i.light_on                               0x00021628   Section        0  juma_sdk_lib.o(i.light_on)
    i.light_set_color                        0x00021634   Section        0  juma_sdk_lib.o(i.light_set_color)
    i.light_setup                            0x00021640   Section        0  juma_sdk_lib.o(i.light_setup)
    i.play_sound                             0x0002164c   Section        0  juma_sdk_lib.o(i.play_sound)
    i.run_at_time                            0x00021658   Section        0  juma_sdk_lib.o(i.run_at_time)
    i.run_when_idle                          0x00021664   Section        0  juma_sdk_lib.o(i.run_when_idle)
    i.serial_send                            0x00021670   Section        0  juma_sdk_lib.o(i.serial_send)
    i.serial_setup                           0x0002167c   Section        0  juma_sdk_lib.o(i.serial_setup)
    i.timer_init                             0x00021688   Section        0  juma_sdk_lib.o(i.timer_init)
    i.timer_start                            0x00021694   Section        0  juma_sdk_lib.o(i.timer_start)
    i.timer_stop                             0x000216a0   Section        0  juma_sdk_lib.o(i.timer_stop)
    i.vcc_measure                            0x000216ac   Section        0  juma_sdk_lib.o(i.vcc_measure)
    .constdata                               0x000216b8   Section        8  ssd1306.o(.constdata)
    code                                     0x000216b8   Data           8  ssd1306.o(.constdata)
    .constdata                               0x000216c0   Section     6080  helvetica_16.o(.constdata)
    .constdata                               0x00022e80   Section       12  helvetica_16.o(.constdata)
    .data                                    0x20003000   Section       12  app.o(.data)
    .data                                    0x2000300c   Section        1  start.o(.data)
    .data                                    0x20003010   Section        8  normal.o(.data)
    .data                                    0x20003018   Section       12  model_contral.o(.data)
    .data                                    0x20003024   Section        8  ssd1306.o(.data)
    .data                                    0x2000302c   Section        4  juma_sdk_lib.o(.data)
    .bss                                     0x20003030   Section      512  ssd1306.o(.bss)

    Global Symbols

    Symbol Name                              Value     Ov Type        Size  Object(Section)

    BuildAttributes$$THM_ISAv3M$S$PE$A:L22$X:L11$S22$IEEE1$IW$USESV6$~STKCKD$USESV7$~SHL$OSPACE$ROPI$EBA8$MICROLIB$REQ8$PRES8$EABIv2 0x00000000   Number         0  anon$$obj.o ABSOLUTE
    _printf_a                                0x00000000   Number         0  stubs.o ABSOLUTE
    _printf_c                                0x00000000   Number         0  stubs.o ABSOLUTE
    _printf_charcount                        0x00000000   Number         0  stubs.o ABSOLUTE
    _printf_d                                0x00000000   Number         0  stubs.o ABSOLUTE
    _printf_e                                0x00000000   Number         0  stubs.o ABSOLUTE
    _printf_f                                0x00000000   Number         0  stubs.o ABSOLUTE
    _printf_flags                            0x00000000   Number         0  stubs.o ABSOLUTE
    _printf_fp_dec                           0x00000000   Number         0  stubs.o ABSOLUTE
    _printf_fp_hex                           0x00000000   Number         0  stubs.o ABSOLUTE
    _printf_g                                0x00000000   Number         0  stubs.o ABSOLUTE
    _printf_i                                0x00000000   Number         0  stubs.o ABSOLUTE
    _printf_int_dec                          0x00000000   Number         0  stubs.o ABSOLUTE
    _printf_l                                0x00000000   Number         0  stubs.o ABSOLUTE
    _printf_lc                               0x00000000   Number         0  stubs.o ABSOLUTE
    _printf_ll                               0x00000000   Number         0  stubs.o ABSOLUTE
    _printf_lld                              0x00000000   Number         0  stubs.o ABSOLUTE
    _printf_lli                              0x00000000   Number         0  stubs.o ABSOLUTE
    _printf_llo                              0x00000000   Number         0  stubs.o ABSOLUTE
    _printf_llu                              0x00000000   Number         0  stubs.o ABSOLUTE
    _printf_llx                              0x00000000   Number         0  stubs.o ABSOLUTE
    _printf_longlong_dec                     0x00000000   Number         0  stubs.o ABSOLUTE
    _printf_longlong_hex                     0x00000000   Number         0  stubs.o ABSOLUTE
    _printf_longlong_oct                     0x00000000   Number         0  stubs.o ABSOLUTE
    _printf_ls                               0x00000000   Number         0  stubs.o ABSOLUTE
    _printf_mbtowc                           0x00000000   Number         0  stubs.o ABSOLUTE
    _printf_n                                0x00000000   Number         0  stubs.o ABSOLUTE
    _printf_o                                0x00000000   Number         0  stubs.o ABSOLUTE
    _printf_p                                0x00000000   Number         0  stubs.o ABSOLUTE
    _printf_percent                          0x00000000   Number         0  stubs.o ABSOLUTE
    _printf_pre_padding                      0x00000000   Number         0  stubs.o ABSOLUTE
    _printf_return_value                     0x00000000   Number         0  stubs.o ABSOLUTE
    _printf_s                                0x00000000   Number         0  stubs.o ABSOLUTE
    _printf_sizespec                         0x00000000   Number         0  stubs.o ABSOLUTE
    _printf_str                              0x00000000   Number         0  stubs.o ABSOLUTE
    _printf_truncate_signed                  0x00000000   Number         0  stubs.o ABSOLUTE
    _printf_truncate_unsigned                0x00000000   Number         0  stubs.o ABSOLUTE
    _printf_u                                0x00000000   Number         0  stubs.o ABSOLUTE
    _printf_wc                               0x00000000   Number         0  stubs.o ABSOLUTE
    _printf_wctomb                           0x00000000   Number         0  stubs.o ABSOLUTE
    _printf_widthprec                        0x00000000   Number         0  stubs.o ABSOLUTE
    _printf_x                                0x00000000   Number         0  stubs.o ABSOLUTE
    app_descriptor                           0x00020100   Data          32  juma_sdk_lib.o(descriptor)
    __asm___5_app_c_8743990d____REV16        0x00020121   Thumb Code     4  app.o(.rev16_text)
    __asm___6_stop_c_e604f798____REV16       0x00020125   Thumb Code     4  stop.o(.rev16_text)
    __asm___7_start_c_cbb6ce15____REV16      0x00020129   Thumb Code     4  start.o(.rev16_text)
    __asm___8_normal_c_edac4928____REV16     0x0002012d   Thumb Code     4  normal.o(.rev16_text)
    __asm___7_timer_c_f4d41034____REV16      0x00020131   Thumb Code     4  timer.o(.rev16_text)
    __asm___8_train1_c_89c4e626____REV16     0x00020135   Thumb Code     4  train1.o(.rev16_text)
    __asm___8_train2_c_340e8ae8____REV16     0x00020139   Thumb Code     4  train2.o(.rev16_text)
    __asm___8_train3_c_e998536d____REV16     0x0002013d   Thumb Code     4  train3.o(.rev16_text)
    __asm___8_train4_c_94eb5535____REV16     0x00020141   Thumb Code     4  train4.o(.rev16_text)
    __asm___7_count_c_f4b02b1e____REV16      0x00020145   Thumb Code     4  count.o(.rev16_text)
    __asm___9_ssd1306_c_22c40832____REV16    0x00020149   Thumb Code     4  ssd1306.o(.rev16_text)
    __asm___5_app_c_8743990d____REVSH        0x0002014d   Thumb Code     4  app.o(.revsh_text)
    __asm___6_stop_c_e604f798____REVSH       0x00020151   Thumb Code     4  stop.o(.revsh_text)
    __asm___7_start_c_cbb6ce15____REVSH      0x00020155   Thumb Code     4  start.o(.revsh_text)
    __asm___8_normal_c_edac4928____REVSH     0x00020159   Thumb Code     4  normal.o(.revsh_text)
    __asm___7_timer_c_f4d41034____REVSH      0x0002015d   Thumb Code     4  timer.o(.revsh_text)
    __asm___8_train1_c_89c4e626____REVSH     0x00020161   Thumb Code     4  train1.o(.revsh_text)
    __asm___8_train2_c_340e8ae8____REVSH     0x00020165   Thumb Code     4  train2.o(.revsh_text)
    __asm___8_train3_c_e998536d____REVSH     0x00020169   Thumb Code     4  train3.o(.revsh_text)
    __asm___8_train4_c_94eb5535____REVSH     0x0002016d   Thumb Code     4  train4.o(.revsh_text)
    __asm___7_count_c_f4b02b1e____REVSH      0x00020171   Thumb Code     4  count.o(.revsh_text)
    __asm___9_ssd1306_c_22c40832____REVSH    0x00020175   Thumb Code     4  ssd1306.o(.revsh_text)
    sys_driver_init                          0x00020179   Thumb Code   114  app.o(.text)
    on_ready                                 0x000201eb   Thumb Code    24  app.o(.text)
    on_sys_open                              0x00020203   Thumb Code    18  app.o(.text)
    ble_device_on_connect                    0x00020215   Thumb Code     2  app.o(.text)
    ble_device_on_disconnect                 0x00020217   Thumb Code     8  app.o(.text)
    ble_device_on_message                    0x0002021f   Thumb Code    12  app.o(.text)
    gpio_on_change                           0x0002022b   Thumb Code    18  app.o(.text)
    timer_on_fired                           0x0002023d   Thumb Code    12  app.o(.text)
    system_off                               0x00020261   Thumb Code    50  stop.o(.text)
    system_open                              0x000202a5   Thumb Code    34  start.o(.text)
    system_start_process                     0x000202c7   Thumb Code    76  start.o(.text)
    system_start                             0x00020313   Thumb Code    58  start.o(.text)
    system_start_enter                       0x0002034d   Thumb Code     2  start.o(.text)
    system_start_exit                        0x0002034f   Thumb Code     2  start.o(.text)
    normal_model_enter                       0x000203d3   Thumb Code    56  normal.o(.text)
    normal_model_exit                        0x0002040b   Thumb Code    22  normal.o(.text)
    timer_model_enter                        0x00020459   Thumb Code    26  timer.o(.text)
    timer_model_exit                         0x00020473   Thumb Code    16  timer.o(.text)
    train1_model_enter                       0x00020491   Thumb Code    26  train1.o(.text)
    train1_model_exit                        0x000204ab   Thumb Code    16  train1.o(.text)
    train2_model_enter                       0x000204c9   Thumb Code    26  train2.o(.text)
    train2_model_exit                        0x000204e3   Thumb Code    16  train2.o(.text)
    train3_model_enter                       0x00020501   Thumb Code    26  train3.o(.text)
    train3_model_exit                        0x0002051b   Thumb Code    16  train3.o(.text)
    train4_model_enter                       0x00020539   Thumb Code    26  train4.o(.text)
    train4_model_exit                        0x00020553   Thumb Code    16  train4.o(.text)
    count_model_enter                        0x00020571   Thumb Code    26  count.o(.text)
    count_model_exit                         0x0002058b   Thumb Code    16  count.o(.text)
    model_change                             0x000205a9   Thumb Code   138  model_contral.o(.text)
    hall_change_for_contral                  0x00020633   Thumb Code     2  model_contral.o(.text)
    button_is_long_push                      0x00020635   Thumb Code    30  model_contral.o(.text)
    button_event_one_two                     0x00020653   Thumb Code    60  model_contral.o(.text)
    button_scan                              0x0002068f   Thumb Code    90  model_contral.o(.text)
    button_init                              0x000206e9   Thumb Code    44  model_contral.o(.text)
    screen_on                                0x00020715   Thumb Code     8  model_contral.o(.text)
    screen_off                               0x0002071d   Thumb Code     8  model_contral.o(.text)
    model_contral_init                       0x00020725   Thumb Code    26  model_contral.o(.text)
    ssd1306_Init                             0x00020751   Thumb Code     4  ssd1306.o(.text)
    ssd1306_config                           0x00020755   Thumb Code    10  ssd1306.o(.text)
    IIC_Start                                0x0002075f   Thumb Code    20  ssd1306.o(.text)
    IIC_Stop                                 0x00020773   Thumb Code    20  ssd1306.o(.text)
    Write_IIC_Byte                           0x00020787   Thumb Code    54  ssd1306.o(.text)
    Write_IIC_Command                        0x000207bd   Thumb Code    32  ssd1306.o(.text)
    Write_IIC_Data                           0x000207dd   Thumb Code    32  ssd1306.o(.text)
    OLED_WR_Byte                             0x000207fd   Thumb Code    50  ssd1306.o(.text)
    fill_picture                             0x0002082f   Thumb Code    60  ssd1306.o(.text)
    Delay_50ms                               0x0002086b   Thumb Code    18  ssd1306.o(.text)
    Delay_1ms                                0x0002087d   Thumb Code    18  ssd1306.o(.text)
    OLED_Set_Pos                             0x0002088f   Thumb Code    38  ssd1306.o(.text)
    OLED_Display_On                          0x000208b5   Thumb Code    28  ssd1306.o(.text)
    OLED_Display_Off                         0x000208d1   Thumb Code    28  ssd1306.o(.text)
    OLED_Clear                               0x000208ed   Thumb Code    58  ssd1306.o(.text)
    OLED_On                                  0x00020927   Thumb Code    58  ssd1306.o(.text)
    OLED_Refresh_all                         0x00020961   Thumb Code   180  ssd1306.o(.text)
    OLED_Init                                0x00020a15   Thumb Code   206  ssd1306.o(.text)
    on_init                                  0x00020b5d   Thumb Code     6  juma_sdk_lib.o(.text)
    serial_on_data                           0x00020b6f   Thumb Code     2  juma_sdk_lib.o(.text)
    __aeabi_uidiv                            0x00020b75   Thumb Code     0  uidiv.o(.text)
    __aeabi_uidivmod                         0x00020b75   Thumb Code    44  uidiv.o(.text)
    __aeabi_dadd                             0x00020ba1   Thumb Code   328  dadd.o(.text)
    __aeabi_dsub                             0x00020ce9   Thumb Code    12  dadd.o(.text)
    __aeabi_drsub                            0x00020cf5   Thumb Code    12  dadd.o(.text)
    __aeabi_dmul                             0x00020d05   Thumb Code   202  dmul.o(.text)
    __aeabi_ddiv                             0x00020dd5   Thumb Code   234  ddiv.o(.text)
    __aeabi_d2ulz                            0x00020ec5   Thumb Code    54  dfixul.o(.text)
    __aeabi_cdrcmple                         0x00020f05   Thumb Code    38  cdrcmple.o(.text)
    __aeabi_llsl                             0x00020f2d   Thumb Code    32  llshl.o(.text)
    _ll_shift_l                              0x00020f2d   Thumb Code     0  llshl.o(.text)
    __aeabi_llsr                             0x00020f4d   Thumb Code    34  llushr.o(.text)
    _ll_ushift_r                             0x00020f4d   Thumb Code     0  llushr.o(.text)
    __aeabi_lasr                             0x00020f6f   Thumb Code    38  llsshr.o(.text)
    _ll_sshift_r                             0x00020f6f   Thumb Code     0  llsshr.o(.text)
    _double_round                            0x00020f95   Thumb Code    26  depilogue.o(.text)
    _double_epilogue                         0x00020faf   Thumb Code   164  depilogue.o(.text)
    __0sprintf$6                             0x00021055   Thumb Code    36  printf6.o(i.__0sprintf$6)
    __1sprintf$6                             0x00021055   Thumb Code     0  printf6.o(i.__0sprintf$6)
    __2sprintf                               0x00021055   Thumb Code     0  printf6.o(i.__0sprintf$6)
    __ARM_clz                                0x0002107d   Thumb Code    46  depilogue.o(i.__ARM_clz)
    __ARM_common_switch8                     0x000210ab   Thumb Code    26  model_contral.o(i.__ARM_common_switch8)
    adc_measure                              0x00021421   Thumb Code     8  juma_sdk_lib.o(i.adc_measure)
    ble_device_disconnect                    0x0002142d   Thumb Code     8  juma_sdk_lib.o(i.ble_device_disconnect)
    ble_device_get_id                        0x00021439   Thumb Code     8  juma_sdk_lib.o(i.ble_device_get_id)
    ble_device_is_connected                  0x00021445   Thumb Code     8  juma_sdk_lib.o(i.ble_device_is_connected)
    ble_device_select_address                0x00021451   Thumb Code     8  juma_sdk_lib.o(i.ble_device_select_address)
    ble_device_send                          0x0002145d   Thumb Code     8  juma_sdk_lib.o(i.ble_device_send)
    ble_device_set_advertising_interval      0x00021469   Thumb Code     8  juma_sdk_lib.o(i.ble_device_set_advertising_interval)
    ble_device_set_name                      0x00021475   Thumb Code     8  juma_sdk_lib.o(i.ble_device_set_name)
    ble_device_set_tx_power                  0x00021481   Thumb Code     8  juma_sdk_lib.o(i.ble_device_set_tx_power)
    ble_device_start_advertising             0x0002148d   Thumb Code     8  juma_sdk_lib.o(i.ble_device_start_advertising)
    ble_device_stop_advertising              0x00021499   Thumb Code     8  juma_sdk_lib.o(i.ble_device_stop_advertising)
    current_time                             0x000214a5   Thumb Code     8  juma_sdk_lib.o(i.current_time)
    data_storage_erase_page_by_addr          0x000214b1   Thumb Code     8  juma_sdk_lib.o(i.data_storage_erase_page_by_addr)
    data_storage_program                     0x000214bd   Thumb Code    10  juma_sdk_lib.o(i.data_storage_program)
    data_storage_read                        0x000214cd   Thumb Code    10  juma_sdk_lib.o(i.data_storage_read)
    get_temperature                          0x000214dd   Thumb Code     8  juma_sdk_lib.o(i.get_temperature)
    gfx_clear                                0x000214e9   Thumb Code    10  juma_sdk_lib.o(i.gfx_clear)
    gfx_draw_char                            0x000214f9   Thumb Code    16  juma_sdk_lib.o(i.gfx_draw_char)
    gfx_draw_circle                          0x0002150d   Thumb Code    16  juma_sdk_lib.o(i.gfx_draw_circle)
    gfx_draw_image                           0x00021521   Thumb Code    22  juma_sdk_lib.o(i.gfx_draw_image)
    gfx_draw_line                            0x0002153d   Thumb Code    18  juma_sdk_lib.o(i.gfx_draw_line)
    gfx_draw_pixel                           0x00021555   Thumb Code    10  juma_sdk_lib.o(i.gfx_draw_pixel)
    gfx_draw_rect                            0x00021565   Thumb Code    18  juma_sdk_lib.o(i.gfx_draw_rect)
    gfx_draw_string                          0x0002157d   Thumb Code    16  juma_sdk_lib.o(i.gfx_draw_string)
    gfx_fill_circle                          0x00021591   Thumb Code    16  juma_sdk_lib.o(i.gfx_fill_circle)
    gfx_fill_rect                            0x000215a5   Thumb Code    18  juma_sdk_lib.o(i.gfx_fill_rect)
    gfx_init_screen                          0x000215bd   Thumb Code    16  juma_sdk_lib.o(i.gfx_init_screen)
    gfx_set_font                             0x000215d1   Thumb Code    10  juma_sdk_lib.o(i.gfx_set_font)
    gpio_read                                0x000215e1   Thumb Code     8  juma_sdk_lib.o(i.gpio_read)
    gpio_setup                               0x000215ed   Thumb Code     8  juma_sdk_lib.o(i.gpio_setup)
    gpio_unwatch                             0x000215f9   Thumb Code     8  juma_sdk_lib.o(i.gpio_unwatch)
    gpio_watch                               0x00021605   Thumb Code     8  juma_sdk_lib.o(i.gpio_watch)
    gpio_write                               0x00021611   Thumb Code     8  juma_sdk_lib.o(i.gpio_write)
    light_off                                0x0002161d   Thumb Code     8  juma_sdk_lib.o(i.light_off)
    light_on                                 0x00021629   Thumb Code     8  juma_sdk_lib.o(i.light_on)
    light_set_color                          0x00021635   Thumb Code     8  juma_sdk_lib.o(i.light_set_color)
    light_setup                              0x00021641   Thumb Code     8  juma_sdk_lib.o(i.light_setup)
    play_sound                               0x0002164d   Thumb Code     8  juma_sdk_lib.o(i.play_sound)
    run_at_time                              0x00021659   Thumb Code     8  juma_sdk_lib.o(i.run_at_time)
    run_when_idle                            0x00021665   Thumb Code     8  juma_sdk_lib.o(i.run_when_idle)
    serial_send                              0x00021671   Thumb Code     8  juma_sdk_lib.o(i.serial_send)
    serial_setup                             0x0002167d   Thumb Code     8  juma_sdk_lib.o(i.serial_setup)
    timer_init                               0x00021689   Thumb Code     8  juma_sdk_lib.o(i.timer_init)
    timer_start                              0x00021695   Thumb Code     8  juma_sdk_lib.o(i.timer_start)
    timer_stop                               0x000216a1   Thumb Code     8  juma_sdk_lib.o(i.timer_stop)
    vcc_measure                              0x000216ad   Thumb Code     8  juma_sdk_lib.o(i.vcc_measure)
    Helvetica_16_Table                       0x000216c0   Data        6080  helvetica_16.o(.constdata)
    Helvetica_16                             0x00022e80   Data          12  helvetica_16.o(.constdata)
    gpio_change_point                        0x20003000   Data           4  app.o(.data)
    timer_point                              0x20003004   Data           4  app.o(.data)
    on_message                               0x20003008   Data           4  app.o(.data)
    system_start_process_var                 0x2000300c   Data           1  start.o(.data)
    normal_jump_value                        0x20003010   Data           4  normal.o(.data)
    color                                    0x20003014   Data           4  normal.o(.data)
    model                                    0x20003018   Data           1  model_contral.o(.data)
    button_state1                            0x20003019   Data           1  model_contral.o(.data)
    button_state2                            0x2000301a   Data           1  model_contral.o(.data)
    button_count                             0x2000301b   Data           1  model_contral.o(.data)
    button_off_count                         0x2000301c   Data           1  model_contral.o(.data)
    screen_is_on                             0x2000301d   Data           1  model_contral.o(.data)
    two_click_function_point                 0x20003020   Data           4  model_contral.o(.data)
    ssd1306_init_struct                      0x20003024   Data           8  ssd1306.o(.data)
    sys                                      0x2000302c   Data           4  juma_sdk_lib.o(.data)
    screen                                   0x20003030   Data         512  ssd1306.o(.bss)



==============================================================================

Memory Map of the image

  Image entry point : Not specified.

  Load Region LR_IROM1 (Base: 0x00020100, Size: 0x00002dbc, Max: 0x00008000, ABSOLUTE)

    Execution Region ER_IROM1 (Base: 0x00020100, Size: 0x00002d8c, Max: 0x00008000, ABSOLUTE)

    Base Addr    Size         Type   Attr      Idx    E Section Name        Object

    0x00020100   0x00000020   Data   RO          340    descriptor          juma_sdk.lib(juma_sdk_lib.o)
    0x00020120   0x00000004   Code   RO            1    .rev16_text         app.o
    0x00020124   0x00000004   Code   RO           76    .rev16_text         stop.o
    0x00020128   0x00000004   Code   RO          100    .rev16_text         start.o
    0x0002012c   0x00000004   Code   RO          123    .rev16_text         normal.o
    0x00020130   0x00000004   Code   RO          146    .rev16_text         timer.o
    0x00020134   0x00000004   Code   RO          166    .rev16_text         train1.o
    0x00020138   0x00000004   Code   RO          186    .rev16_text         train2.o
    0x0002013c   0x00000004   Code   RO          206    .rev16_text         train3.o
    0x00020140   0x00000004   Code   RO          226    .rev16_text         train4.o
    0x00020144   0x00000004   Code   RO          246    .rev16_text         count.o
    0x00020148   0x00000004   Code   RO          290    .rev16_text         ssd1306.o
    0x0002014c   0x00000004   Code   RO            2    .revsh_text         app.o
    0x00020150   0x00000004   Code   RO           77    .revsh_text         stop.o
    0x00020154   0x00000004   Code   RO          101    .revsh_text         start.o
    0x00020158   0x00000004   Code   RO          124    .revsh_text         normal.o
    0x0002015c   0x00000004   Code   RO          147    .revsh_text         timer.o
    0x00020160   0x00000004   Code   RO          167    .revsh_text         train1.o
    0x00020164   0x00000004   Code   RO          187    .revsh_text         train2.o
    0x00020168   0x00000004   Code   RO          207    .revsh_text         train3.o
    0x0002016c   0x00000004   Code   RO          227    .revsh_text         train4.o
    0x00020170   0x00000004   Code   RO          247    .revsh_text         count.o
    0x00020174   0x00000004   Code   RO          291    .revsh_text         ssd1306.o
    0x00020178   0x000000e8   Code   RO            3    .text               app.o
    0x00020260   0x00000044   Code   RO           78    .text               stop.o
    0x000202a4   0x000000b8   Code   RO          102    .text               start.o
    0x0002035c   0x000000fc   Code   RO          125    .text               normal.o
    0x00020458   0x00000038   Code   RO          148    .text               timer.o
    0x00020490   0x00000038   Code   RO          168    .text               train1.o
    0x000204c8   0x00000038   Code   RO          188    .text               train2.o
    0x00020500   0x00000038   Code   RO          208    .text               train3.o
    0x00020538   0x00000038   Code   RO          228    .text               train4.o
    0x00020570   0x00000038   Code   RO          248    .text               count.o
    0x000205a8   0x000001a8   Code   RO          266    .text               model_contral.o
    0x00020750   0x0000040c   Code   RO          292    .text               ssd1306.o
    0x00020b5c   0x00000018   Code   RO          338    .text               juma_sdk.lib(juma_sdk_lib.o)
    0x00020b74   0x0000002c   Code   RO          905    .text               mc_p.l(uidiv.o)
    0x00020ba0   0x00000164   Code   RO          910    .text               mf_p.l(dadd.o)
    0x00020d04   0x000000d0   Code   RO          912    .text               mf_p.l(dmul.o)
    0x00020dd4   0x000000f0   Code   RO          914    .text               mf_p.l(ddiv.o)
    0x00020ec4   0x00000040   Code   RO          916    .text               mf_p.l(dfixul.o)
    0x00020f04   0x00000028   Code   RO          918    .text               mf_p.l(cdrcmple.o)
    0x00020f2c   0x00000020   Code   RO          921    .text               mc_p.l(llshl.o)
    0x00020f4c   0x00000022   Code   RO          923    .text               mc_p.l(llushr.o)
    0x00020f6e   0x00000026   Code   RO          925    .text               mc_p.l(llsshr.o)
    0x00020f94   0x000000be   Code   RO          928    .text               mf_p.l(depilogue.o)
    0x00021052   0x00000002   PAD
    0x00021054   0x00000028   Code   RO          798    i.__0sprintf$6      mc_p.l(printf6.o)
    0x0002107c   0x0000002e   Code   RO          930    i.__ARM_clz         mf_p.l(depilogue.o)
    0x000210aa   0x0000001a   Code   RO          278    i.__ARM_common_switch8  model_contral.o
    0x000210c4   0x00000304   Code   RO          803    i._printf_core      mc_p.l(printf6.o)
    0x000213c8   0x00000020   Code   RO          804    i._printf_post_padding  mc_p.l(printf6.o)
    0x000213e8   0x0000002c   Code   RO          805    i._printf_pre_padding  mc_p.l(printf6.o)
    0x00021414   0x0000000a   Code   RO          807    i._sputc            mc_p.l(printf6.o)
    0x0002141e   0x00000002   PAD
    0x00021420   0x0000000c   Code   RO          417    i.adc_measure       juma_sdk.lib(juma_sdk_lib.o)
    0x0002142c   0x0000000c   Code   RO          483    i.ble_device_disconnect  juma_sdk.lib(juma_sdk_lib.o)
    0x00021438   0x0000000c   Code   RO          441    i.ble_device_get_id  juma_sdk.lib(juma_sdk_lib.o)
    0x00021444   0x0000000c   Code   RO          435    i.ble_device_is_connected  juma_sdk.lib(juma_sdk_lib.o)
    0x00021450   0x0000000c   Code   RO          447    i.ble_device_select_address  juma_sdk.lib(juma_sdk_lib.o)
    0x0002145c   0x0000000c   Code   RO          489    i.ble_device_send   juma_sdk.lib(juma_sdk_lib.o)
    0x00021468   0x0000000c   Code   RO          459    i.ble_device_set_advertising_interval  juma_sdk.lib(juma_sdk_lib.o)
    0x00021474   0x0000000c   Code   RO          453    i.ble_device_set_name  juma_sdk.lib(juma_sdk_lib.o)
    0x00021480   0x0000000c   Code   RO          465    i.ble_device_set_tx_power  juma_sdk.lib(juma_sdk_lib.o)
    0x0002148c   0x0000000c   Code   RO          471    i.ble_device_start_advertising  juma_sdk.lib(juma_sdk_lib.o)
    0x00021498   0x0000000c   Code   RO          477    i.ble_device_stop_advertising  juma_sdk.lib(juma_sdk_lib.o)
    0x000214a4   0x0000000c   Code   RO          363    i.current_time      juma_sdk.lib(juma_sdk_lib.o)
    0x000214b0   0x0000000c   Code   RO          537    i.data_storage_erase_page_by_addr  juma_sdk.lib(juma_sdk_lib.o)
    0x000214bc   0x00000010   Code   RO          543    i.data_storage_program  juma_sdk.lib(juma_sdk_lib.o)
    0x000214cc   0x00000010   Code   RO          549    i.data_storage_read  juma_sdk.lib(juma_sdk_lib.o)
    0x000214dc   0x0000000c   Code   RO          429    i.get_temperature   juma_sdk.lib(juma_sdk_lib.o)
    0x000214e8   0x00000010   Code   RO          561    i.gfx_clear         juma_sdk.lib(juma_sdk_lib.o)
    0x000214f8   0x00000014   Code   RO          609    i.gfx_draw_char     juma_sdk.lib(juma_sdk_lib.o)
    0x0002150c   0x00000014   Code   RO          591    i.gfx_draw_circle   juma_sdk.lib(juma_sdk_lib.o)
    0x00021520   0x0000001c   Code   RO          621    i.gfx_draw_image    juma_sdk.lib(juma_sdk_lib.o)
    0x0002153c   0x00000018   Code   RO          573    i.gfx_draw_line     juma_sdk.lib(juma_sdk_lib.o)
    0x00021554   0x00000010   Code   RO          567    i.gfx_draw_pixel    juma_sdk.lib(juma_sdk_lib.o)
    0x00021564   0x00000018   Code   RO          579    i.gfx_draw_rect     juma_sdk.lib(juma_sdk_lib.o)
    0x0002157c   0x00000014   Code   RO          615    i.gfx_draw_string   juma_sdk.lib(juma_sdk_lib.o)
    0x00021590   0x00000014   Code   RO          597    i.gfx_fill_circle   juma_sdk.lib(juma_sdk_lib.o)
    0x000215a4   0x00000018   Code   RO          585    i.gfx_fill_rect     juma_sdk.lib(juma_sdk_lib.o)
    0x000215bc   0x00000014   Code   RO          555    i.gfx_init_screen   juma_sdk.lib(juma_sdk_lib.o)
    0x000215d0   0x00000010   Code   RO          603    i.gfx_set_font      juma_sdk.lib(juma_sdk_lib.o)
    0x000215e0   0x0000000c   Code   RO          399    i.gpio_read         juma_sdk.lib(juma_sdk_lib.o)
    0x000215ec   0x0000000c   Code   RO          387    i.gpio_setup        juma_sdk.lib(juma_sdk_lib.o)
    0x000215f8   0x0000000c   Code   RO          411    i.gpio_unwatch      juma_sdk.lib(juma_sdk_lib.o)
    0x00021604   0x0000000c   Code   RO          405    i.gpio_watch        juma_sdk.lib(juma_sdk_lib.o)
    0x00021610   0x0000000c   Code   RO          393    i.gpio_write        juma_sdk.lib(juma_sdk_lib.o)
    0x0002161c   0x0000000c   Code   RO          525    i.light_off         juma_sdk.lib(juma_sdk_lib.o)
    0x00021628   0x0000000c   Code   RO          519    i.light_on          juma_sdk.lib(juma_sdk_lib.o)
    0x00021634   0x0000000c   Code   RO          531    i.light_set_color   juma_sdk.lib(juma_sdk_lib.o)
    0x00021640   0x0000000c   Code   RO          513    i.light_setup       juma_sdk.lib(juma_sdk_lib.o)
    0x0002164c   0x0000000c   Code   RO          507    i.play_sound        juma_sdk.lib(juma_sdk_lib.o)
    0x00021658   0x0000000c   Code   RO          357    i.run_at_time       juma_sdk.lib(juma_sdk_lib.o)
    0x00021664   0x0000000c   Code   RO          351    i.run_when_idle     juma_sdk.lib(juma_sdk_lib.o)
    0x00021670   0x0000000c   Code   RO          495    i.serial_send       juma_sdk.lib(juma_sdk_lib.o)
    0x0002167c   0x0000000c   Code   RO          501    i.serial_setup      juma_sdk.lib(juma_sdk_lib.o)
    0x00021688   0x0000000c   Code   RO          369    i.timer_init        juma_sdk.lib(juma_sdk_lib.o)
    0x00021694   0x0000000c   Code   RO          375    i.timer_start       juma_sdk.lib(juma_sdk_lib.o)
    0x000216a0   0x0000000c   Code   RO          381    i.timer_stop        juma_sdk.lib(juma_sdk_lib.o)
    0x000216ac   0x0000000c   Code   RO          423    i.vcc_measure       juma_sdk.lib(juma_sdk_lib.o)
    0x000216b8   0x00000008   Data   RO          294    .constdata          ssd1306.o
    0x000216c0   0x000017c0   Data   RO          325    .constdata          helvetica_16.o
    0x00022e80   0x0000000c   Data   RO          326    .constdata          helvetica_16.o


    Execution Region RW_IRAM1 (Base: 0x20003000, Size: 0x00000230, Max: 0x00001000, ABSOLUTE)

    Base Addr    Size         Type   Attr      Idx    E Section Name        Object

    0x20003000   0x0000000c   Data   RW            4    .data               app.o
    0x2000300c   0x00000001   Data   RW          103    .data               start.o
    0x2000300d   0x00000003   PAD
    0x20003010   0x00000008   Data   RW          126    .data               normal.o
    0x20003018   0x0000000c   Data   RW          267    .data               model_contral.o
    0x20003024   0x00000008   Data   RW          295    .data               ssd1306.o
    0x2000302c   0x00000004   Data   RW          339    .data               juma_sdk.lib(juma_sdk_lib.o)
    0x20003030   0x00000200   Zero   RW          293    .bss                ssd1306.o


==============================================================================

Image component sizes


      Code (inc. data)   RO Data    RW Data    ZI Data      Debug   Object Name

       240         24          0         12          0       8286   app.o
        64         14          0          0          0       1333   count.o
         0          0       6092          0          0       1802   helvetica_16.o
       450         38          0         12          0       3000   model_contral.o
       260         56          0          8          0       2573   normal.o
      1044         26          8          8        512       9751   ssd1306.o
       192         12          0          1          0       2028   start.o
        76         18          0          0          0       1197   stop.o
        64         14          0          0          0       1337   timer.o
        64         14          0          0          0       1347   train1.o
        64         14          0          0          0       1347   train2.o
        64         14          0          0          0       1347   train3.o
        64         14          0          0          0       1343   train4.o

    ----------------------------------------------------------------------
      2646        258       6100         44        512      36691   Object Totals
         0          0          0          0          0          0   (incl. Generated)
         0          0          0          3          0          0   (incl. Padding)

    ----------------------------------------------------------------------

      Code (inc. data)   RO Data    RW Data    ZI Data      Debug   Library Member Name

       688        206         32          4          0      25721   juma_sdk_lib.o
        32          0          0          0          0         68   llshl.o
        38          0          0          0          0         68   llsshr.o
        34          0          0          0          0         68   llushr.o
       898          8          0          0          0        384   printf6.o
        44          0          0          0          0         72   uidiv.o
        40          2          0          0          0         68   cdrcmple.o
       356          4          0          0          0        140   dadd.o
       240          6          0          0          0         84   ddiv.o
       236          0          0          0          0        216   depilogue.o
        64         10          0          0          0         68   dfixul.o
       208          6          0          0          0         88   dmul.o

    ----------------------------------------------------------------------
      2882        242         32          4          0      27045   Library Totals
         4          0          0          0          0          0   (incl. Padding)

    ----------------------------------------------------------------------

      Code (inc. data)   RO Data    RW Data    ZI Data      Debug   Library Name

       688        206         32          4          0      25721   juma_sdk.lib
      1046          8          0          0          0        660   mc_p.l
      1144         28          0          0          0        664   mf_p.l

    ----------------------------------------------------------------------
      2882        242         32          4          0      27045   Library Totals

    ----------------------------------------------------------------------

==============================================================================


      Code (inc. data)   RO Data    RW Data    ZI Data      Debug   

      5528        500       6132         48        512      59160   Grand Totals
      5528        500       6132         48        512      59160   ELF Image Totals
      5528        500       6132         48          0          0   ROM Totals

==============================================================================

    Total RO  Size (Code + RO Data)                11660 (  11.39kB)
    Total RW  Size (RW Data + ZI Data)               560 (   0.55kB)
    Total ROM Size (Code + RO Data + RW Data)      11708 (  11.43kB)

==============================================================================

